
> frontend@0.0.0 build
> tsc -b && vite build

src/modules/auth/pages/LoginPage.tsx(5,31): error TS2307: Cannot find module '../../components/auth/GoogleLoginButton' or its corresponding type declarations.
src/modules/auth/pages/LoginPage.tsx(6,30): error TS2307: Cannot find module '../../components/LanguageSwitcher' or its corresponding type declarations.
src/modules/auth/pages/RegisterPage.tsx(4,31): error TS2307: Cannot find module '../../components/auth/GoogleLoginButton' or its corresponding type declarations.
src/modules/auth/pages/RegisterPage.tsx(6,30): error TS2307: Cannot find module '../../components/LanguageSwitcher' or its corresponding type declarations.
src/modules/landing/pages/LandingPage.tsx(4,30): error TS2307: Cannot find module '../../components/LanguageSwitcher' or its corresponding type declarations.
