
> frontend@0.0.0 build
> tsc -b && vite build

src/components/common/Sidebar.tsx(12,5): error TS6133: 'Heart' is declared but its value is never read.
src/pages/ScreeningPage.tsx(1,26): error TS7016: Could not find a declaration file for module '../modules/screening/app/ScreeningApp'. 'C:/Users/91974/Desktop/Projects/Neurovia/frontend/src/modules/screening/app/ScreeningApp.jsx' implicitly has an 'any' type.
