src/api/apiClient.ts(1,19): error TS2307: Cannot find module 'axios' or its corresponding type declarations.
src/api/apiClient.ts(7,31): error TS7006: Parameter 'config' implicitly has an 'any' type.
src/components/common/Sidebar.tsx(21,35): error TS6133: 'user' is declared but its value is never read.
src/pages/ActivitiesPage.tsx(19,40): error TS6133: 'user' is declared but its value is never read.
src/pages/CognitiveHistoryPage.tsx(44,32): error TS2339: Property 'getCognitiveHistory' does not exist on type 'ApiClient'.
src/pages/CognitiveSummaryPage.tsx(74,32): error TS2339: Property 'getCognitiveSummary' does not exist on type 'ApiClient'.
src/pages/DoctorConsultPage.tsx(23,21): error TS2339: Property 'getDoctors' does not exist on type 'ApiClient'.
src/pages/DoctorConsultPage.tsx(24,21): error TS2339: Property 'getConsultRequests' does not exist on type 'ApiClient'.
src/pages/DoctorConsultPage.tsx(34,25): error TS2339: Property 'requestConsultation' does not exist on type 'ApiClient'.
src/pages/DoctorConsultPage.tsx(61,26): error TS2367: This comparison appears to be unintentional because the types 'UserRole' and '"doctor"' have no overlap.
src/pages/DoctorConsultPage.tsx(67,14): error TS2367: This comparison appears to be unintentional because the types 'UserRole' and '"doctor"' have no overlap.
src/pages/MedicationsPage.tsx(12,41): error TS6133: 'user' is declared but its value is never read.
src/pages/PatientDashboard.tsx(7,5): error TS6133: 'Phone' is declared but its value is never read.
